... logging to /home/tihami/.ros/log/723324b0-2a96-11f0-aeaa-d949b7c5a0b6/roslaunch-tihami-Precision-7520-10604.log
Checking log directory for disk usage. This may take a while.
Press Ctrl-C to interrupt
Done checking log file disk usage. Usage is <1GB.
]2;/home/tihami/LIO_SAM_hesai/src/LIO-SAM-6AXIS/launch/pandar.launch
xacro: in-order processing became default in ROS Melodic. You can drop the option.
[1mstarted roslaunch server http://tihami-Precision-7520:33767/[0m

SUMMARY
========

PARAMETERS
 * /configDirectory: /home/tihami/LIO_...
 * /ekf_gps/base_link_frame: base_link
 * /ekf_gps/frequency: 50
 * /ekf_gps/imu0: imu/data
 * /ekf_gps/imu0_config: [False, False, Fa...
 * /ekf_gps/imu0_differential: False
 * /ekf_gps/imu0_queue_size: 50
 * /ekf_gps/imu0_remove_gravitational_acceleration: True
 * /ekf_gps/map_frame: map
 * /ekf_gps/odom0: odometry/gps
 * /ekf_gps/odom0_config: [True, True, True...
 * /ekf_gps/odom0_differential: False
 * /ekf_gps/odom0_queue_size: 10
 * /ekf_gps/odom_frame: odom
 * /ekf_gps/process_noise_covariance: [1.0, 0, 0, 0, 0,...
 * /ekf_gps/publish_tf: False
 * /ekf_gps/sensor_timeout: 0.01
 * /ekf_gps/two_d_mode: False
 * /ekf_gps/world_frame: odom
 * /lio_sam_6axis/Horizon_SCAN: 2000
 * /lio_sam_6axis/N_SCAN: 32
 * /lio_sam_6axis/baselinkFrame: base_link
 * /lio_sam_6axis/downsampleRate: 1
 * /lio_sam_6axis/edgeFeatureMinValidNum: 10
 * /lio_sam_6axis/edgeThreshold: 1.0
 * /lio_sam_6axis/extrinsicRPY: [0, 1, 0, -1, 0, ...
 * /lio_sam_6axis/extrinsicRot: [1, 0, 0, 0, -1, ...
 * /lio_sam_6axis/extrinsicTrans: [-0.003, -0.001, ...
 * /lio_sam_6axis/globalMapVisualizationLeafSize: 0.5
 * /lio_sam_6axis/globalMapVisualizationPoseDensity: 2.0
 * /lio_sam_6axis/globalMapVisualizationSearchRadius: 1000.0
 * /lio_sam_6axis/gpsCovThreshold: 2.0
 * /lio_sam_6axis/gpsTopic: gps_odom
 * /lio_sam_6axis/historyKeyframeFitnessScore: 0.9
 * /lio_sam_6axis/historyKeyframeSearchNum: 20
 * /lio_sam_6axis/historyKeyframeSearchRadius: 30.0
 * /lio_sam_6axis/historyKeyframeSearchTimeDiff: 20.0
 * /lio_sam_6axis/imuAccBiasN: 6.435665935353257...
 * /lio_sam_6axis/imuAccNoise: 0.1414213562373095
 * /lio_sam_6axis/imuFrequence: 200
 * /lio_sam_6axis/imuGravity: 9.804989173462031
 * /lio_sam_6axis/imuGravity_N: [0.0, 0.0, 9.8049...
 * /lio_sam_6axis/imuGyrBiasN: 3.564031869636761...
 * /lio_sam_6axis/imuGyrNoise: 0.001868334801060...
 * /lio_sam_6axis/imuRPYWeight: 0.01
 * /lio_sam_6axis/imuTopic: imu/data
 * /lio_sam_6axis/lidarFrame: base_link
 * /lio_sam_6axis/lidarMaxRange: 60.0
 * /lio_sam_6axis/lidarMinRange: 0.5
 * /lio_sam_6axis/loopClosureEnableFlag: False
 * /lio_sam_6axis/loopClosureFrequency: 1.0
 * /lio_sam_6axis/mapFrame: map
 * /lio_sam_6axis/mappingCornerLeafSize: 0.1
 * /lio_sam_6axis/mappingProcessInterval: 0.15
 * /lio_sam_6axis/mappingSurfLeafSize: 0.2
 * /lio_sam_6axis/numberOfCores: 20
 * /lio_sam_6axis/odomTopic: odometry/imu
 * /lio_sam_6axis/odometryFrame: odom
 * /lio_sam_6axis/odometrySurfLeafSize: 0.2
 * /lio_sam_6axis/pointCloudTopic: lidar_points
 * /lio_sam_6axis/poseCovThreshold: 0.02
 * /lio_sam_6axis/powerSpectralDensityAcc: 0.0001
 * /lio_sam_6axis/powerSpectralDensityGyro: 5.7296e-05
 * /lio_sam_6axis/rotation_tollerance: 1000
 * /lio_sam_6axis/savePCD: False
 * /lio_sam_6axis/savePCDDirectory: /Download
 * /lio_sam_6axis/scene_name: exp04
 * /lio_sam_6axis/sensor: hesai
 * /lio_sam_6axis/standardDeviationAcc: 0.1414213562373095
 * /lio_sam_6axis/standardDeviationGyro: 0.001868334801060...
 * /lio_sam_6axis/surfFeatureMinValidNum: 100
 * /lio_sam_6axis/surfThreshold: 0.1
 * /lio_sam_6axis/surroundingKeyframeDensity: 0.5
 * /lio_sam_6axis/surroundingKeyframeSearchRadius: 5.0
 * /lio_sam_6axis/surroundingKeyframeSize: 30
 * /lio_sam_6axis/surroundingkeyframeAddingAngleThreshold: 0.2
 * /lio_sam_6axis/surroundingkeyframeAddingDistThreshold: 0.2
 * /lio_sam_6axis/useGps: False
 * /lio_sam_6axis/useGpsElevation: False
 * /lio_sam_6axis/useImuHeadingInitialization: False
 * /lio_sam_6axis/varianceAcc: 0.02
 * /lio_sam_6axis/varianceGyro: 0.0114592
 * /lio_sam_6axis/z_tollerance: 1000
 * /navsat/broadcast_utm_transform: False
 * /navsat/broadcast_utm_transform_as_parent_frame: False
 * /navsat/delay: 0.0
 * /navsat/frequency: 50
 * /navsat/magnetic_declination_radians: 0
 * /navsat/publish_filtered_gps: False
 * /navsat/wait_for_datum: False
 * /navsat/yaw_offset: 0
 * /navsat/zero_altitude: True
 * /robot_description: <?xml version="1....
 * /rosdistro: noetic
 * /rosversion: 1.17.0
 * /saveDirectory: /home/tihami/LIO_...
 * /sequence: my_sequence

NODES
  /
    bag_play (rosbag/play)
    fake_gps_fix (rostopic/rostopic)
    lio_sam_6axis_featureExtraction (lio_sam_6axis/lio_sam_6axis_featureExtraction)
    lio_sam_6axis_gpsOdometry (lio_sam_6axis/lio_sam_6axis_gpsOdometry)
    lio_sam_6axis_imageProjection (lio_sam_6axis/lio_sam_6axis_imageProjection)
    lio_sam_6axis_imuPreintegration (lio_sam_6axis/lio_sam_6axis_imuPreintegration)
    lio_sam_6axis_mapOptmization (lio_sam_6axis/lio_sam_6axis_mapOptmization)
    lio_sam_6axis_rviz (rviz/rviz)
    robot_state_publisher (robot_state_publisher/robot_state_publisher)

[1mROS_MASTER_URI=http://localhost:11311[0m
]2;/home/tihami/LIO_SAM_hesai/src/LIO-SAM-6AXIS/launch/pandar.launch http://localhost:11311
[1mprocess[lio_sam_6axis_imuPreintegration-1]: started with pid [10624][0m
[1mprocess[lio_sam_6axis_imageProjection-2]: started with pid [10625][0m
[1mprocess[lio_sam_6axis_featureExtraction-3]: started with pid [10626][0m
[1mprocess[lio_sam_6axis_mapOptmization-4]: started with pid [10631][0m
[1mprocess[robot_state_publisher-5]: started with pid [10638][0m
[1mprocess[fake_gps_fix-6]: started with pid [10643][0m
[1mprocess[lio_sam_6axis_gpsOdometry-7]: started with pid [10644][0m
[1mprocess[lio_sam_6axis_rviz-8]: started with pid [10647][0m
[1mprocess[bag_play-9]: started with pid [10653][0m
SAVE DIR:/home/tihami/LIO_SAM_hesai/src/LIO-SAM-6AXIS/data/
SAVE DIR:/home/tihami/LIO_SAM_hesai/src/LIO-SAM-6AXIS/data/
SAVE DIR:/home/tihami/LIO_SAM_hesai/src/LIO-SAM-6AXIS/data/
extRotV size: 9
extRotV[0]: 1
extRotV[1]: 0
extRotV[2]: 0
extRotV[3]: 0
extRotV[4]: -1
extRotV[5]: 0
extRotV[6]: 0
extRotV[7]: 0
extRotV[8]: -1
extRotV size: 9
extRotV[0]: 1
extRotV[1]: 0
extRotV[2]: 0
extRotV[3]: 0
extRotV[4]: -1
extRotV[5]: 0
extRotV[6]: 0
extRotV[7]: 0
extRotV[8]: -1
[33m[ WARN] [1746555091.264003973]: Shutdown request received.[0m
extRotV size: 9
extRotV[0]: 1
extRotV[1]: 0
extRotV[2]: 0
extRotV[3]: 0
extRotV[4]: -1
extRotV[5]: 0
extRotV[6]: 0
extRotV[7]: 0
extRotV[8]: -1
[33m[ WARN] [1746555091.274495211]: Reason given for shutdown: [[/robot_state_publisher] Reason: new node registered with same name][0m
SAVE DIR:/home/tihami/LIO_SAM_hesai/src/LIO-SAM-6AXIS/data/
extRotV size: 9
extRotV[0]: 1
extRotV[1]: 0
extRotV[2]: 0
extRotV[3]: 0
extRotV[4]: -1
extRotV[5]: 0
extRotV[6]: 0
extRotV[7]: 0
extRotV[8]: -1
[31m[lio_sam_6axis_imuPreintegration-1] process has died [pid 10624, exit code -11, cmd /home/tihami/LIO_SAM_hesai/devel/lib/lio_sam_6axis/lio_sam_6axis_imuPreintegration __name:=lio_sam_6axis_imuPreintegration __log:=/home/tihami/.ros/log/723324b0-2a96-11f0-aeaa-d949b7c5a0b6/lio_sam_6axis_imuPreintegration-1.log].
log file: /home/tihami/.ros/log/723324b0-2a96-11f0-aeaa-d949b7c5a0b6/lio_sam_6axis_imuPreintegration-1*.log[0m
[31m[lio_sam_6axis_imageProjection-2] process has died [pid 10625, exit code -11, cmd /home/tihami/LIO_SAM_hesai/devel/lib/lio_sam_6axis/lio_sam_6axis_imageProjection __name:=lio_sam_6axis_imageProjection __log:=/home/tihami/.ros/log/723324b0-2a96-11f0-aeaa-d949b7c5a0b6/lio_sam_6axis_imageProjection-2.log].
log file: /home/tihami/.ros/log/723324b0-2a96-11f0-aeaa-d949b7c5a0b6/lio_sam_6axis_imageProjection-2*.log[0m
[1m[robot_state_publisher-5] process has finished cleanly
log file: /home/tihami/.ros/log/723324b0-2a96-11f0-aeaa-d949b7c5a0b6/robot_state_publisher-5*.log[0m
[31m[lio_sam_6axis_gpsOdometry-7] process has died [pid 10644, exit code -11, cmd /home/tihami/LIO_SAM_hesai/devel/lib/lio_sam_6axis/lio_sam_6axis_gpsOdometry __name:=lio_sam_6axis_gpsOdometry __log:=/home/tihami/.ros/log/723324b0-2a96-11f0-aeaa-d949b7c5a0b6/lio_sam_6axis_gpsOdometry-7.log].
log file: /home/tihami/.ros/log/723324b0-2a96-11f0-aeaa-d949b7c5a0b6/lio_sam_6axis_gpsOdometry-7*.log[0m
[robot_state_publisher-5] restarting process
[1mprocess[robot_state_publisher-5]: started with pid [10714][0m
[31m[lio_sam_6axis_featureExtraction-3] process has died [pid 10626, exit code -11, cmd /home/tihami/LIO_SAM_hesai/devel/lib/lio_sam_6axis/lio_sam_6axis_featureExtraction __name:=lio_sam_6axis_featureExtraction __log:=/home/tihami/.ros/log/723324b0-2a96-11f0-aeaa-d949b7c5a0b6/lio_sam_6axis_featureExtraction-3.log].
log file: /home/tihami/.ros/log/723324b0-2a96-11f0-aeaa-d949b7c5a0b6/lio_sam_6axis_featureExtraction-3*.log[0m
[31m[lio_sam_6axis_mapOptmization-4] process has died [pid 10631, exit code -11, cmd /home/tihami/LIO_SAM_hesai/devel/lib/lio_sam_6axis/lio_sam_6axis_mapOptmization __name:=lio_sam_6axis_mapOptmization __log:=/home/tihami/.ros/log/723324b0-2a96-11f0-aeaa-d949b7c5a0b6/lio_sam_6axis_mapOptmization-4.log].
log file: /home/tihami/.ros/log/723324b0-2a96-11f0-aeaa-d949b7c5a0b6/lio_sam_6axis_mapOptmization-4*.log[0m
[33m[ WARN] [1746555091.826788296]: Shutdown request received.[0m
[33m[ WARN] [1746555091.828270865]: Reason given for shutdown: [[/robot_state_publisher] Reason: new node registered with same name][0m
publishing and latching message. Press ctrl-C to terminate
[1m[robot_state_publisher-5] process has finished cleanly
log file: /home/tihami/.ros/log/723324b0-2a96-11f0-aeaa-d949b7c5a0b6/robot_state_publisher-5*.log[0m
[robot_state_publisher-5] restarting process
[1mprocess[robot_state_publisher-5]: started with pid [10741][0m
[33m[ WARN] [1746555092.123265743]: Shutdown request received.[0m
[33m[ WARN] [1746555092.124862651]: Reason given for shutdown: [[/robot_state_publisher] Reason: new node registered with same name][0m
[1m[robot_state_publisher-5] process has finished cleanly
log file: /home/tihami/.ros/log/723324b0-2a96-11f0-aeaa-d949b7c5a0b6/robot_state_publisher-5*.log[0m
[robot_state_publisher-5] restarting process
[1mprocess[robot_state_publisher-5]: started with pid [10771][0m
[33m[ WARN] [1746555092.534378077]: Shutdown request received.[0m
[33m[ WARN] [1746555092.535867185]: Reason given for shutdown: [[/robot_state_publisher] Reason: new node registered with same name][0m
[1m[robot_state_publisher-5] process has finished cleanly
log file: /home/tihami/.ros/log/723324b0-2a96-11f0-aeaa-d949b7c5a0b6/robot_state_publisher-5*.log[0m
[robot_state_publisher-5] restarting process
[1mprocess[robot_state_publisher-5]: started with pid [10790][0m
[33m[ WARN] [1746555092.865692626]: Shutdown request received.[0m
[33m[ WARN] [1746555092.866934746]: Reason given for shutdown: [[/robot_state_publisher] Reason: new node registered with same name][0m
[1m[robot_state_publisher-5] process has finished cleanly
log file: /home/tihami/.ros/log/723324b0-2a96-11f0-aeaa-d949b7c5a0b6/robot_state_publisher-5*.log[0m
[robot_state_publisher-5] restarting process
[1mprocess[robot_state_publisher-5]: started with pid [10804][0m
[33m[ WARN] [1746555093.140624435]: Shutdown request received.[0m
[33m[ WARN] [1746555093.142348302]: Reason given for shutdown: [[/robot_state_publisher] Reason: new node registered with same name][0m
[1m[robot_state_publisher-5] process has finished cleanly
log file: /home/tihami/.ros/log/723324b0-2a96-11f0-aeaa-d949b7c5a0b6/robot_state_publisher-5*.log[0m
[robot_state_publisher-5] restarting process
[1mprocess[robot_state_publisher-5]: started with pid [10818][0m
[33m[ WARN] [1746555093.497626302]: Shutdown request received.[0m
[33m[ WARN] [1746555093.498766972]: Reason given for shutdown: [[/robot_state_publisher] Reason: new node registered with same name][0m
[1m[robot_state_publisher-5] process has finished cleanly
log file: /home/tihami/.ros/log/723324b0-2a96-11f0-aeaa-d949b7c5a0b6/robot_state_publisher-5*.log[0m
[robot_state_publisher-5] restarting process
[1mprocess[robot_state_publisher-5]: started with pid [10832][0m
[33m[ WARN] [1746555093.851346233]: Shutdown request received.[0m
[33m[ WARN] [1746555093.852748148]: Reason given for shutdown: [[/robot_state_publisher] Reason: new node registered with same name][0m
[1m[robot_state_publisher-5] process has finished cleanly
log file: /home/tihami/.ros/log/723324b0-2a96-11f0-aeaa-d949b7c5a0b6/robot_state_publisher-5*.log[0m
[robot_state_publisher-5] restarting process
[1mprocess[robot_state_publisher-5]: started with pid [10846][0m
[33m[ WARN] [1746555094.175919757]: Shutdown request received.[0m
[33m[ WARN] [1746555094.177412036]: Reason given for shutdown: [[/robot_state_publisher] Reason: new node registered with same name][0m
[1m[robot_state_publisher-5] process has finished cleanly
log file: /home/tihami/.ros/log/723324b0-2a96-11f0-aeaa-d949b7c5a0b6/robot_state_publisher-5*.log[0m
[robot_state_publisher-5] restarting process
[1mprocess[robot_state_publisher-5]: started with pid [10860][0m
[33m[ WARN] [1746555094.556258724]: Shutdown request received.[0m
[33m[ WARN] [1746555094.557938553]: Reason given for shutdown: [[/robot_state_publisher] Reason: new node registered with same name][0m
[1m[robot_state_publisher-5] process has finished cleanly
log file: /home/tihami/.ros/log/723324b0-2a96-11f0-aeaa-d949b7c5a0b6/robot_state_publisher-5*.log[0m
[robot_state_publisher-5] restarting process
[1mprocess[robot_state_publisher-5]: started with pid [10874][0m
[33m[ WARN] [1746555094.945431987]: Shutdown request received.[0m
[33m[ WARN] [1746555094.946718547]: Reason given for shutdown: [[/robot_state_publisher] Reason: new node registered with same name][0m
[1m[robot_state_publisher-5] process has finished cleanly
log file: /home/tihami/.ros/log/723324b0-2a96-11f0-aeaa-d949b7c5a0b6/robot_state_publisher-5*.log[0m
[robot_state_publisher-5] restarting process
[1mprocess[robot_state_publisher-5]: started with pid [10888][0m
[33m[ WARN] [1746555095.443637807]: Shutdown request received.[0m
[33m[ WARN] [1746555095.445057472]: Reason given for shutdown: [[/robot_state_publisher] Reason: new node registered with same name][0m
[1m[robot_state_publisher-5] process has finished cleanly
log file: /home/tihami/.ros/log/723324b0-2a96-11f0-aeaa-d949b7c5a0b6/robot_state_publisher-5*.log[0m
[robot_state_publisher-5] restarting process
[1mprocess[robot_state_publisher-5]: started with pid [10902][0m
[33m[ WARN] [1746555095.844564599]: Shutdown request received.[0m
[33m[ WARN] [1746555095.845563489]: Reason given for shutdown: [[/robot_state_publisher] Reason: new node registered with same name][0m
[1m[robot_state_publisher-5] process has finished cleanly
log file: /home/tihami/.ros/log/723324b0-2a96-11f0-aeaa-d949b7c5a0b6/robot_state_publisher-5*.log[0m
[robot_state_publisher-5] restarting process
[1mprocess[robot_state_publisher-5]: started with pid [10915][0m
[33m[ WARN] [1746555096.242333305]: Shutdown request received.[0m
[33m[ WARN] [1746555096.244183091]: Reason given for shutdown: [[/robot_state_publisher] Reason: new node registered with same name][0m
[1m[robot_state_publisher-5] process has finished cleanly
log file: /home/tihami/.ros/log/723324b0-2a96-11f0-aeaa-d949b7c5a0b6/robot_state_publisher-5*.log[0m
[robot_state_publisher-5] restarting process
[1mprocess[robot_state_publisher-5]: started with pid [10923][0m
[33m[ WARN] [1746555096.535496404]: Shutdown request received.[0m
[33m[ WARN] [1746555096.537384462]: Reason given for shutdown: [[/robot_state_publisher] Reason: new node registered with same name][0m
[33m[ WARN] [1746555096.564011461]: Shutdown request received.[0m
[33m[ WARN] [1746555096.564076425]: Reason given for shutdown: [[/robot_state_publisher] Reason: new node registered with same name][0m
[1m[robot_state_publisher-5] process has finished cleanly
log file: /home/tihami/.ros/log/723324b0-2a96-11f0-aeaa-d949b7c5a0b6/robot_state_publisher-5*.log[0m
[robot_state_publisher-5] restarting process
[1mprocess[robot_state_publisher-5]: started with pid [10944][0m
[33m[ WARN] [1746555096.942867786]: Shutdown request received.[0m
[33m[ WARN] [1746555096.944404582]: Reason given for shutdown: [[/robot_state_publisher] Reason: new node registered with same name][0m
[1m[robot_state_publisher-5] process has finished cleanly
log file: /home/tihami/.ros/log/723324b0-2a96-11f0-aeaa-d949b7c5a0b6/robot_state_publisher-5*.log[0m
[robot_state_publisher-5] restarting process
[1mprocess[robot_state_publisher-5]: started with pid [10958][0m
[33m[ WARN] [1746555097.328101034]: Shutdown request received.[0m
[33m[ WARN] [1746555097.329482609]: Reason given for shutdown: [[/robot_state_publisher] Reason: new node registered with same name][0m
[1m[robot_state_publisher-5] process has finished cleanly
log file: /home/tihami/.ros/log/723324b0-2a96-11f0-aeaa-d949b7c5a0b6/robot_state_publisher-5*.log[0m
[robot_state_publisher-5] restarting process
[1mprocess[robot_state_publisher-5]: started with pid [10972][0m
[33m[ WARN] [1746555097.617942048]: Shutdown request received.[0m
[33m[ WARN] [1746555097.619527461]: Reason given for shutdown: [[/robot_state_publisher] Reason: new node registered with same name][0m
[1m[robot_state_publisher-5] process has finished cleanly
log file: /home/tihami/.ros/log/723324b0-2a96-11f0-aeaa-d949b7c5a0b6/robot_state_publisher-5*.log[0m
[robot_state_publisher-5] restarting process
[1mprocess[robot_state_publisher-5]: started with pid [10986][0m
[33m[ WARN] [1746555097.940843366]: Shutdown request received.[0m
[33m[ WARN] [1746555097.942208083]: Reason given for shutdown: [[/robot_state_publisher] Reason: new node registered with same name][0m
[1m[robot_state_publisher-5] process has finished cleanly
log file: /home/tihami/.ros/log/723324b0-2a96-11f0-aeaa-d949b7c5a0b6/robot_state_publisher-5*.log[0m
[robot_state_publisher-5] restarting process
[1mprocess[robot_state_publisher-5]: started with pid [11000][0m
[33m[ WARN] [1746555098.324756480]: Shutdown request received.[0m
[33m[ WARN] [1746555098.326869153]: Reason given for shutdown: [[/robot_state_publisher] Reason: new node registered with same name][0m
[1m[robot_state_publisher-5] process has finished cleanly
log file: /home/tihami/.ros/log/723324b0-2a96-11f0-aeaa-d949b7c5a0b6/robot_state_publisher-5*.log[0m
[robot_state_publisher-5] restarting process
[1mprocess[robot_state_publisher-5]: started with pid [11007][0m
[33m[ WARN] [1746555098.646686169]: Shutdown request received.[0m
[33m[ WARN] [1746555098.647914364]: Reason given for shutdown: [[/robot_state_publisher] Reason: new node registered with same name][0m
[1m[robot_state_publisher-5] process has finished cleanly
log file: /home/tihami/.ros/log/723324b0-2a96-11f0-aeaa-d949b7c5a0b6/robot_state_publisher-5*.log[0m
[robot_state_publisher-5] restarting process
[1mprocess[robot_state_publisher-5]: started with pid [11028][0m
[33m[ WARN] [1746555099.047546552]: Shutdown request received.[0m
[33m[ WARN] [1746555099.048775044]: Reason given for shutdown: [[/robot_state_publisher] Reason: new node registered with same name][0m
[1m[robot_state_publisher-5] process has finished cleanly
log file: /home/tihami/.ros/log/723324b0-2a96-11f0-aeaa-d949b7c5a0b6/robot_state_publisher-5*.log[0m
[robot_state_publisher-5] restarting process
[1mprocess[robot_state_publisher-5]: started with pid [11042][0m
[33m[ WARN] [1746555099.311603626]: Shutdown request received.[0m
[33m[ WARN] [1746555099.313009861]: Reason given for shutdown: [[/robot_state_publisher] Reason: new node registered with same name][0m
[1m[robot_state_publisher-5] process has finished cleanly
log file: /home/tihami/.ros/log/723324b0-2a96-11f0-aeaa-d949b7c5a0b6/robot_state_publisher-5*.log[0m
[robot_state_publisher-5] restarting process
[1mprocess[robot_state_publisher-5]: started with pid [11056][0m
[33m[ WARN] [1746555099.659222382]: Shutdown request received.[0m
[33m[ WARN] [1746555099.660577927]: Reason given for shutdown: [[/robot_state_publisher] Reason: new node registered with same name][0m
[1m[robot_state_publisher-5] process has finished cleanly
log file: /home/tihami/.ros/log/723324b0-2a96-11f0-aeaa-d949b7c5a0b6/robot_state_publisher-5*.log[0m
[robot_state_publisher-5] restarting process
[1mprocess[robot_state_publisher-5]: started with pid [11070][0m
[33m[ WARN] [1746555099.937617676]: Shutdown request received.[0m
[33m[ WARN] [1746555099.939090560]: Reason given for shutdown: [[/robot_state_publisher] Reason: new node registered with same name][0m
[1m[robot_state_publisher-5] process has finished cleanly
log file: /home/tihami/.ros/log/723324b0-2a96-11f0-aeaa-d949b7c5a0b6/robot_state_publisher-5*.log[0m
[robot_state_publisher-5] restarting process
[1mprocess[robot_state_publisher-5]: started with pid [11084][0m
[33m[ WARN] [1746555100.298059993]: Shutdown request received.[0m
[33m[ WARN] [1746555100.300687839]: Reason given for shutdown: [[/robot_state_publisher] Reason: new node registered with same name][0m
[1m[robot_state_publisher-5] process has finished cleanly
log file: /home/tihami/.ros/log/723324b0-2a96-11f0-aeaa-d949b7c5a0b6/robot_state_publisher-5*.log[0m
[robot_state_publisher-5] restarting process
[1mprocess[robot_state_publisher-5]: started with pid [11091][0m
[33m[ WARN] [1746555100.632663338]: Shutdown request received.[0m
[33m[ WARN] [1746555100.634288803]: Reason given for shutdown: [[/robot_state_publisher] Reason: new node registered with same name][0m
[33m[ WARN] [1746555100.662080407]: Shutdown request received.[0m
[33m[ WARN] [1746555100.662182484]: Reason given for shutdown: [[/robot_state_publisher] Reason: new node registered with same name][0m
[1m[robot_state_publisher-5] process has finished cleanly
log file: /home/tihami/.ros/log/723324b0-2a96-11f0-aeaa-d949b7c5a0b6/robot_state_publisher-5*.log[0m
[robot_state_publisher-5] restarting process
[1mprocess[robot_state_publisher-5]: started with pid [11105][0m
[33m[ WARN] [1746555101.029769413]: Shutdown request received.[0m
[33m[ WARN] [1746555101.030950916]: Reason given for shutdown: [[/robot_state_publisher] Reason: new node registered with same name][0m
[33m[ WARN] [1746555101.052514719]: Shutdown request received.[0m
[33m[ WARN] [1746555101.052636302]: Reason given for shutdown: [[/robot_state_publisher] Reason: new node registered with same name][0m
[1m[robot_state_publisher-5] process has finished cleanly
log file: /home/tihami/.ros/log/723324b0-2a96-11f0-aeaa-d949b7c5a0b6/robot_state_publisher-5*.log[0m
[robot_state_publisher-5] restarting process
[1mprocess[robot_state_publisher-5]: started with pid [11126][0m
[33m[ WARN] [1746555101.546856339]: Shutdown request received.[0m
[33m[ WARN] [1746555101.548160474]: Reason given for shutdown: [[/robot_state_publisher] Reason: new node registered with same name][0m
[1m[robot_state_publisher-5] process has finished cleanly
log file: /home/tihami/.ros/log/723324b0-2a96-11f0-aeaa-d949b7c5a0b6/robot_state_publisher-5*.log[0m
[robot_state_publisher-5] restarting process
[1mprocess[robot_state_publisher-5]: started with pid [11140][0m
[33m[ WARN] [1746555102.028926080]: Shutdown request received.[0m
[33m[ WARN] [1746555102.030236004]: Reason given for shutdown: [[/robot_state_publisher] Reason: new node registered with same name][0m
[1m[robot_state_publisher-5] process has finished cleanly
log file: /home/tihami/.ros/log/723324b0-2a96-11f0-aeaa-d949b7c5a0b6/robot_state_publisher-5*.log[0m
[robot_state_publisher-5] restarting process
[1mprocess[robot_state_publisher-5]: started with pid [11154][0m
[33m[ WARN] [1746555102.415288735]: Shutdown request received.[0m
[33m[ WARN] [1746555102.416631439]: Reason given for shutdown: [[/robot_state_publisher] Reason: new node registered with same name][0m
[1m[robot_state_publisher-5] process has finished cleanly
log file: /home/tihami/.ros/log/723324b0-2a96-11f0-aeaa-d949b7c5a0b6/robot_state_publisher-5*.log[0m
[robot_state_publisher-5] restarting process
[1mprocess[robot_state_publisher-5]: started with pid [11161][0m
[33m[ WARN] [1746555102.696173200]: Shutdown request received.[0m
[33m[ WARN] [1746555102.697343115]: Reason given for shutdown: [[/robot_state_publisher] Reason: new node registered with same name][0m
[33m[ WARN] [1746555102.718849416]: Shutdown request received.[0m
[33m[ WARN] [1746555102.718905011]: Reason given for shutdown: [[/robot_state_publisher] Reason: new node registered with same name][0m
[1m[robot_state_publisher-5] process has finished cleanly
log file: /home/tihami/.ros/log/723324b0-2a96-11f0-aeaa-d949b7c5a0b6/robot_state_publisher-5*.log[0m
[robot_state_publisher-5] restarting process
[1mprocess[robot_state_publisher-5]: started with pid [11182][0m
[33m[ WARN] [1746555103.076929452]: Shutdown request received.[0m
[33m[ WARN] [1746555103.078612136]: Reason given for shutdown: [[/robot_state_publisher] Reason: new node registered with same name][0m
[1m[robot_state_publisher-5] process has finished cleanly
log file: /home/tihami/.ros/log/723324b0-2a96-11f0-aeaa-d949b7c5a0b6/robot_state_publisher-5*.log[0m
[robot_state_publisher-5] restarting process
[1mprocess[robot_state_publisher-5]: started with pid [11189][0m
[33m[ WARN] [1746555103.459308225]: Shutdown request received.[0m
[33m[ WARN] [1746555103.461341153]: Reason given for shutdown: [[/robot_state_publisher] Reason: new node registered with same name][0m
[33m[ WARN] [1746555103.490034942]: Shutdown request received.[0m
[33m[ WARN] [1746555103.490129668]: Reason given for shutdown: [[/robot_state_publisher] Reason: new node registered with same name][0m
[1m[robot_state_publisher-5] process has finished cleanly
log file: /home/tihami/.ros/log/723324b0-2a96-11f0-aeaa-d949b7c5a0b6/robot_state_publisher-5*.log[0m
[robot_state_publisher-5] restarting process
[1mprocess[robot_state_publisher-5]: started with pid [11203][0m
[33m[ WARN] [1746555103.853676880]: Shutdown request received.[0m
[33m[ WARN] [1746555103.855028650]: Reason given for shutdown: [[/robot_state_publisher] Reason: new node registered with same name][0m
[33m[ WARN] [1746555103.880220570]: Shutdown request received.[0m
[33m[ WARN] [1746555103.880294026]: Reason given for shutdown: [[/robot_state_publisher] Reason: new node registered with same name][0m
[1m[robot_state_publisher-5] process has finished cleanly
log file: /home/tihami/.ros/log/723324b0-2a96-11f0-aeaa-d949b7c5a0b6/robot_state_publisher-5*.log[0m
[robot_state_publisher-5] restarting process
[1mprocess[robot_state_publisher-5]: started with pid [11217][0m
[33m[ WARN] [1746555104.332540890]: Shutdown request received.[0m
[33m[ WARN] [1746555104.333668488]: Reason given for shutdown: [[/robot_state_publisher] Reason: new node registered with same name][0m
[1m[robot_state_publisher-5] process has finished cleanly
log file: /home/tihami/.ros/log/723324b0-2a96-11f0-aeaa-d949b7c5a0b6/robot_state_publisher-5*.log[0m
[robot_state_publisher-5] restarting process
[1mprocess[robot_state_publisher-5]: started with pid [11231][0m
[33m[ WARN] [1746555104.778756504]: Shutdown request received.[0m
[33m[ WARN] [1746555104.780189730]: Reason given for shutdown: [[/robot_state_publisher] Reason: new node registered with same name][0m
[33m[ WARN] [1746555104.803236277]: Shutdown request received.[0m
[33m[ WARN] [1746555104.803330464]: Reason given for shutdown: [[/robot_state_publisher] Reason: new node registered with same name][0m
[1m[robot_state_publisher-5] process has finished cleanly
log file: /home/tihami/.ros/log/723324b0-2a96-11f0-aeaa-d949b7c5a0b6/robot_state_publisher-5*.log[0m
[robot_state_publisher-5] restarting process
[1mprocess[robot_state_publisher-5]: started with pid [11247][0m
[33m[ WARN] [1746555105.164369681]: Shutdown request received.[0m
[33m[ WARN] [1746555105.165908810]: Reason given for shutdown: [[/robot_state_publisher] Reason: new node registered with same name][0m
[33m[ WARN] [1746555105.188734189]: Shutdown request received.[0m
[33m[ WARN] [1746555105.188794864]: Reason given for shutdown: [[/robot_state_publisher] Reason: new node registered with same name][0m
[1m[robot_state_publisher-5] process has finished cleanly
log file: /home/tihami/.ros/log/723324b0-2a96-11f0-aeaa-d949b7c5a0b6/robot_state_publisher-5*.log[0m
[robot_state_publisher-5] restarting process
[1mprocess[robot_state_publisher-5]: started with pid [11268][0m
[33m[ WARN] [1746555105.567435311]: Shutdown request received.[0m
[33m[ WARN] [1746555105.568878377]: Reason given for shutdown: [[/robot_state_publisher] Reason: new node registered with same name][0m
[1m[robot_state_publisher-5] process has finished cleanly
log file: /home/tihami/.ros/log/723324b0-2a96-11f0-aeaa-d949b7c5a0b6/robot_state_publisher-5*.log[0m
[robot_state_publisher-5] restarting process
[1mprocess[robot_state_publisher-5]: started with pid [11282][0m
[33m[ WARN] [1746555105.952993356]: Shutdown request received.[0m
[33m[ WARN] [1746555105.954564830]: Reason given for shutdown: [[/robot_state_publisher] Reason: new node registered with same name][0m
[1m[robot_state_publisher-5] process has finished cleanly
log file: /home/tihami/.ros/log/723324b0-2a96-11f0-aeaa-d949b7c5a0b6/robot_state_publisher-5*.log[0m
[robot_state_publisher-5] restarting process
[1mprocess[robot_state_publisher-5]: started with pid [11296][0m
[33m[ WARN] [1746555106.234315277]: Shutdown request received.[0m
[33m[ WARN] [1746555106.235675430]: Reason given for shutdown: [[/robot_state_publisher] Reason: new node registered with same name][0m
[1m[robot_state_publisher-5] process has finished cleanly
log file: /home/tihami/.ros/log/723324b0-2a96-11f0-aeaa-d949b7c5a0b6/robot_state_publisher-5*.log[0m
[robot_state_publisher-5] restarting process
[1mprocess[robot_state_publisher-5]: started with pid [11309][0m
[33m[ WARN] [1746555106.583843312]: Shutdown request received.[0m
[33m[ WARN] [1746555106.584966650]: Reason given for shutdown: [[/robot_state_publisher] Reason: new node registered with same name][0m
[1m[robot_state_publisher-5] process has finished cleanly
log file: /home/tihami/.ros/log/723324b0-2a96-11f0-aeaa-d949b7c5a0b6/robot_state_publisher-5*.log[0m
[robot_state_publisher-5] restarting process
[1mprocess[robot_state_publisher-5]: started with pid [11320][0m
[33m[ WARN] [1746555106.892279860]: Shutdown request received.[0m
[33m[ WARN] [1746555106.894424714]: Reason given for shutdown: [[/robot_state_publisher] Reason: new node registered with same name][0m
[1m[robot_state_publisher-5] process has finished cleanly
log file: /home/tihami/.ros/log/723324b0-2a96-11f0-aeaa-d949b7c5a0b6/robot_state_publisher-5*.log[0m
[robot_state_publisher-5] restarting process
[1mprocess[robot_state_publisher-5]: started with pid [11334][0m
[33m[ WARN] [1746555107.229476476]: Shutdown request received.[0m
[33m[ WARN] [1746555107.230902948]: Reason given for shutdown: [[/robot_state_publisher] Reason: new node registered with same name][0m
[33m[ WARN] [1746555107.255216060]: Shutdown request received.[0m
[33m[ WARN] [1746555107.255306490]: Reason given for shutdown: [[/robot_state_publisher] Reason: new node registered with same name][0m
[1m[robot_state_publisher-5] process has finished cleanly
log file: /home/tihami/.ros/log/723324b0-2a96-11f0-aeaa-d949b7c5a0b6/robot_state_publisher-5*.log[0m
[robot_state_publisher-5] restarting process
[1mprocess[robot_state_publisher-5]: started with pid [11349][0m
[33m[ WARN] [1746555107.588807059]: Shutdown request received.[0m
[33m[ WARN] [1746555107.590090873]: Reason given for shutdown: [[/robot_state_publisher] Reason: new node registered with same name][0m
[1m[robot_state_publisher-5] process has finished cleanly
log file: /home/tihami/.ros/log/723324b0-2a96-11f0-aeaa-d949b7c5a0b6/robot_state_publisher-5*.log[0m
[robot_state_publisher-5] restarting process
[1mprocess[robot_state_publisher-5]: started with pid [11363][0m
[33m[ WARN] [1746555107.939911707]: Shutdown request received.[0m
[33m[ WARN] [1746555107.941193148]: Reason given for shutdown: [[/robot_state_publisher] Reason: new node registered with same name][0m
[33m[ WARN] [1746555107.967735513]: Shutdown request received.[0m
[33m[ WARN] [1746555107.967816553]: Reason given for shutdown: [[/robot_state_publisher] Reason: new node registered with same name][0m
[1m[robot_state_publisher-5] process has finished cleanly
log file: /home/tihami/.ros/log/723324b0-2a96-11f0-aeaa-d949b7c5a0b6/robot_state_publisher-5*.log[0m
[robot_state_publisher-5] restarting process
[1mprocess[robot_state_publisher-5]: started with pid [11385][0m
[33m[ WARN] [1746555108.406457914]: Shutdown request received.[0m
[33m[ WARN] [1746555108.407868781]: Reason given for shutdown: [[/robot_state_publisher] Reason: new node registered with same name][0m
[1m[robot_state_publisher-5] process has finished cleanly
log file: /home/tihami/.ros/log/723324b0-2a96-11f0-aeaa-d949b7c5a0b6/robot_state_publisher-5*.log[0m
[robot_state_publisher-5] restarting process
[1mprocess[robot_state_publisher-5]: started with pid [11393][0m
[33m[ WARN] [1746555108.690071968]: Shutdown request received.[0m
[33m[ WARN] [1746555108.691220878]: Reason given for shutdown: [[/robot_state_publisher] Reason: new node registered with same name][0m
[33m[ WARN] [1746555108.717557441]: Shutdown request received.[0m
[33m[ WARN] [1746555108.717613558]: Reason given for shutdown: [[/robot_state_publisher] Reason: new node registered with same name][0m
[1m[robot_state_publisher-5] process has finished cleanly
log file: /home/tihami/.ros/log/723324b0-2a96-11f0-aeaa-d949b7c5a0b6/robot_state_publisher-5*.log[0m
[robot_state_publisher-5] restarting process
[1mprocess[robot_state_publisher-5]: started with pid [11414][0m
[33m[ WARN] [1746555109.093789748]: Shutdown request received.[0m
[33m[ WARN] [1746555109.094956149]: Reason given for shutdown: [[/robot_state_publisher] Reason: new node registered with same name][0m
[1m[robot_state_publisher-5] process has finished cleanly
log file: /home/tihami/.ros/log/723324b0-2a96-11f0-aeaa-d949b7c5a0b6/robot_state_publisher-5*.log[0m
[robot_state_publisher-5] restarting process
[1mprocess[robot_state_publisher-5]: started with pid [11428][0m
[33m[ WARN] [1746555109.402630758]: Shutdown request received.[0m
[33m[ WARN] [1746555109.404135402]: Reason given for shutdown: [[/robot_state_publisher] Reason: new node registered with same name][0m
[1m[robot_state_publisher-5] process has finished cleanly
log file: /home/tihami/.ros/log/723324b0-2a96-11f0-aeaa-d949b7c5a0b6/robot_state_publisher-5*.log[0m
[robot_state_publisher-5] restarting process
[1mprocess[robot_state_publisher-5]: started with pid [11436][0m
[33m[ WARN] [1746555109.719461134]: Shutdown request received.[0m
[33m[ WARN] [1746555109.720556061]: Reason given for shutdown: [[/robot_state_publisher] Reason: new node registered with same name][0m
[33m[ WARN] [1746555109.742674907]: Shutdown request received.[0m
[33m[ WARN] [1746555109.742734304]: Reason given for shutdown: [[/robot_state_publisher] Reason: new node registered with same name][0m
[1m[robot_state_publisher-5] process has finished cleanly
log file: /home/tihami/.ros/log/723324b0-2a96-11f0-aeaa-d949b7c5a0b6/robot_state_publisher-5*.log[0m
[robot_state_publisher-5] restarting process
[1mprocess[robot_state_publisher-5]: started with pid [11457][0m
[33m[ WARN] [1746555110.135357816]: Shutdown request received.[0m
[33m[ WARN] [1746555110.136677906]: Reason given for shutdown: [[/robot_state_publisher] Reason: new node registered with same name][0m
[1m[robot_state_publisher-5] process has finished cleanly
log file: /home/tihami/.ros/log/723324b0-2a96-11f0-aeaa-d949b7c5a0b6/robot_state_publisher-5*.log[0m
[robot_state_publisher-5] restarting process
[1mprocess[robot_state_publisher-5]: started with pid [11471][0m
[33m[ WARN] [1746555110.514634285]: Shutdown request received.[0m
[33m[ WARN] [1746555110.516056871]: Reason given for shutdown: [[/robot_state_publisher] Reason: new node registered with same name][0m
[1m[robot_state_publisher-5] process has finished cleanly
log file: /home/tihami/.ros/log/723324b0-2a96-11f0-aeaa-d949b7c5a0b6/robot_state_publisher-5*.log[0m
[robot_state_publisher-5] restarting process
[1mprocess[robot_state_publisher-5]: started with pid [11486][0m
[33m[ WARN] [1746555110.821752796]: Shutdown request received.[0m
[33m[ WARN] [1746555110.823121180]: Reason given for shutdown: [[/robot_state_publisher] Reason: new node registered with same name][0m
[1m[robot_state_publisher-5] process has finished cleanly
log file: /home/tihami/.ros/log/723324b0-2a96-11f0-aeaa-d949b7c5a0b6/robot_state_publisher-5*.log[0m
[robot_state_publisher-5] restarting process
[1mprocess[robot_state_publisher-5]: started with pid [11493][0m
[33m[ WARN] [1746555111.208994572]: Shutdown request received.[0m
[33m[ WARN] [1746555111.210313593]: Reason given for shutdown: [[/robot_state_publisher] Reason: new node registered with same name][0m
[33m[ WARN] [1746555111.232566049]: Shutdown request received.[0m
[33m[ WARN] [1746555111.232626339]: Reason given for shutdown: [[/robot_state_publisher] Reason: new node registered with same name][0m
[1m[robot_state_publisher-5] process has finished cleanly
log file: /home/tihami/.ros/log/723324b0-2a96-11f0-aeaa-d949b7c5a0b6/robot_state_publisher-5*.log[0m
[robot_state_publisher-5] restarting process
[1mprocess[robot_state_publisher-5]: started with pid [11518][0m
[33m[ WARN] [1746555111.692850231]: Shutdown request received.[0m
[33m[ WARN] [1746555111.694182120]: Reason given for shutdown: [[/robot_state_publisher] Reason: new node registered with same name][0m
[1m[robot_state_publisher-5] process has finished cleanly
log file: /home/tihami/.ros/log/723324b0-2a96-11f0-aeaa-d949b7c5a0b6/robot_state_publisher-5*.log[0m
[robot_state_publisher-5] restarting process
[1mprocess[robot_state_publisher-5]: started with pid [11532][0m
[33m[ WARN] [1746555112.208598701]: Shutdown request received.[0m
[33m[ WARN] [1746555112.209917956]: Reason given for shutdown: [[/robot_state_publisher] Reason: new node registered with same name][0m
[1m[robot_state_publisher-5] process has finished cleanly
log file: /home/tihami/.ros/log/723324b0-2a96-11f0-aeaa-d949b7c5a0b6/robot_state_publisher-5*.log[0m
[robot_state_publisher-5] restarting process
[1mprocess[robot_state_publisher-5]: started with pid [11546][0m
[33m[ WARN] [1746555112.579318013]: Shutdown request received.[0m
[33m[ WARN] [1746555112.580759124]: Reason given for shutdown: [[/robot_state_publisher] Reason: new node registered with same name][0m
[1m[robot_state_publisher-5] process has finished cleanly
log file: /home/tihami/.ros/log/723324b0-2a96-11f0-aeaa-d949b7c5a0b6/robot_state_publisher-5*.log[0m
[robot_state_publisher-5] restarting process
[1mprocess[robot_state_publisher-5]: started with pid [11553][0m
[33m[ WARN] [1746555112.862793482]: Shutdown request received.[0m
[33m[ WARN] [1746555112.864300408]: Reason given for shutdown: [[/robot_state_publisher] Reason: new node registered with same name][0m
[33m[ WARN] [1746555112.890837250]: Shutdown request received.[0m
[33m[ WARN] [1746555112.890900869]: Reason given for shutdown: [[/robot_state_publisher] Reason: new node registered with same name][0m
[1m[robot_state_publisher-5] process has finished cleanly
log file: /home/tihami/.ros/log/723324b0-2a96-11f0-aeaa-d949b7c5a0b6/robot_state_publisher-5*.log[0m
[robot_state_publisher-5] restarting process
[1mprocess[robot_state_publisher-5]: started with pid [11574][0m
[33m[ WARN] [1746555113.269735718]: Shutdown request received.[0m
[33m[ WARN] [1746555113.270891065]: Reason given for shutdown: [[/robot_state_publisher] Reason: new node registered with same name][0m
[1m[robot_state_publisher-5] process has finished cleanly
log file: /home/tihami/.ros/log/723324b0-2a96-11f0-aeaa-d949b7c5a0b6/robot_state_publisher-5*.log[0m
[robot_state_publisher-5] restarting process
[1mprocess[robot_state_publisher-5]: started with pid [11588][0m
[33m[ WARN] [1746555113.577642658]: Shutdown request received.[0m
[33m[ WARN] [1746555113.578659088]: Reason given for shutdown: [[/robot_state_publisher] Reason: new node registered with same name][0m
[1m[robot_state_publisher-5] process has finished cleanly
log file: /home/tihami/.ros/log/723324b0-2a96-11f0-aeaa-d949b7c5a0b6/robot_state_publisher-5*.log[0m
[robot_state_publisher-5] restarting process
[1mprocess[robot_state_publisher-5]: started with pid [11602][0m
[33m[ WARN] [1746555114.068948644]: Shutdown request received.[0m
[33m[ WARN] [1746555114.071331870]: Reason given for shutdown: [[/robot_state_publisher] Reason: new node registered with same name][0m
[1m[robot_state_publisher-5] process has finished cleanly
log file: /home/tihami/.ros/log/723324b0-2a96-11f0-aeaa-d949b7c5a0b6/robot_state_publisher-5*.log[0m
[robot_state_publisher-5] restarting process
[1mprocess[robot_state_publisher-5]: started with pid [11609][0m
[33m[ WARN] [1746555114.406659193]: Shutdown request received.[0m
[33m[ WARN] [1746555114.407997243]: Reason given for shutdown: [[/robot_state_publisher] Reason: new node registered with same name][0m
[33m[ WARN] [1746555114.433267090]: Shutdown request received.[0m
[33m[ WARN] [1746555114.433338492]: Reason given for shutdown: [[/robot_state_publisher] Reason: new node registered with same name][0m
[1m[robot_state_publisher-5] process has finished cleanly
log file: /home/tihami/.ros/log/723324b0-2a96-11f0-aeaa-d949b7c5a0b6/robot_state_publisher-5*.log[0m
[robot_state_publisher-5] restarting process
[1mprocess[robot_state_publisher-5]: started with pid [11623][0m
[33m[ WARN] [1746555114.709024183]: Shutdown request received.[0m
[33m[ WARN] [1746555114.710469828]: Reason given for shutdown: [[/robot_state_publisher] Reason: new node registered with same name][0m
[33m[ WARN] [1746555114.734798481]: Shutdown request received.[0m
[33m[ WARN] [1746555114.734836691]: Reason given for shutdown: [[/robot_state_publisher] Reason: new node registered with same name][0m
[1m[robot_state_publisher-5] process has finished cleanly
log file: /home/tihami/.ros/log/723324b0-2a96-11f0-aeaa-d949b7c5a0b6/robot_state_publisher-5*.log[0m
[robot_state_publisher-5] restarting process
[1mprocess[robot_state_publisher-5]: started with pid [11637][0m
[33m[ WARN] [1746555115.059009457]: Shutdown request received.[0m
[33m[ WARN] [1746555115.060520264]: Reason given for shutdown: [[/robot_state_publisher] Reason: new node registered with same name][0m
[33m[ WARN] [1746555115.090030997]: Shutdown request received.[0m
[33m[ WARN] [1746555115.090116929]: Reason given for shutdown: [[/robot_state_publisher] Reason: new node registered with same name][0m
[1m[robot_state_publisher-5] process has finished cleanly
log file: /home/tihami/.ros/log/723324b0-2a96-11f0-aeaa-d949b7c5a0b6/robot_state_publisher-5*.log[0m
[robot_state_publisher-5] restarting process
[1mprocess[robot_state_publisher-5]: started with pid [11651][0m
[33m[ WARN] [1746555115.490573125]: Shutdown request received.[0m
[33m[ WARN] [1746555115.492336791]: Reason given for shutdown: [[/robot_state_publisher] Reason: new node registered with same name][0m
[33m[ WARN] [1746555115.511731684]: Shutdown request received.[0m
[33m[ WARN] [1746555115.511836273]: Reason given for shutdown: [[/robot_state_publisher] Reason: new node registered with same name][0m
[1m[robot_state_publisher-5] process has finished cleanly
log file: /home/tihami/.ros/log/723324b0-2a96-11f0-aeaa-d949b7c5a0b6/robot_state_publisher-5*.log[0m
[robot_state_publisher-5] restarting process
[1mprocess[robot_state_publisher-5]: started with pid [11672][0m
[33m[ WARN] [1746555115.930974057]: Shutdown request received.[0m
[33m[ WARN] [1746555115.932546454]: Reason given for shutdown: [[/robot_state_publisher] Reason: new node registered with same name][0m
[1m[robot_state_publisher-5] process has finished cleanly
log file: /home/tihami/.ros/log/723324b0-2a96-11f0-aeaa-d949b7c5a0b6/robot_state_publisher-5*.log[0m
[robot_state_publisher-5] restarting process
[1mprocess[robot_state_publisher-5]: started with pid [11679][0m
[33m[ WARN] [1746555116.276177608]: Shutdown request received.[0m
[33m[ WARN] [1746555116.277877453]: Reason given for shutdown: [[/robot_state_publisher] Reason: new node registered with same name][0m
[33m[ WARN] [1746555116.299191723]: Shutdown request received.[0m
[33m[ WARN] [1746555116.299273976]: Reason given for shutdown: [[/robot_state_publisher] Reason: new node registered with same name][0m
[1m[robot_state_publisher-5] process has finished cleanly
log file: /home/tihami/.ros/log/723324b0-2a96-11f0-aeaa-d949b7c5a0b6/robot_state_publisher-5*.log[0m
[robot_state_publisher-5] restarting process
[1mprocess[robot_state_publisher-5]: started with pid [11701][0m
[33m[ WARN] [1746555116.780415787]: Shutdown request received.[0m
[33m[ WARN] [1746555116.782043380]: Reason given for shutdown: [[/robot_state_publisher] Reason: new node registered with same name][0m
[1m[robot_state_publisher-5] process has finished cleanly
log file: /home/tihami/.ros/log/723324b0-2a96-11f0-aeaa-d949b7c5a0b6/robot_state_publisher-5*.log[0m
[robot_state_publisher-5] restarting process
[1mprocess[robot_state_publisher-5]: started with pid [11715][0m
[33m[ WARN] [1746555117.161461912]: Shutdown request received.[0m
[33m[ WARN] [1746555117.162819528]: Reason given for shutdown: [[/robot_state_publisher] Reason: new node registered with same name][0m
[1m[robot_state_publisher-5] process has finished cleanly
log file: /home/tihami/.ros/log/723324b0-2a96-11f0-aeaa-d949b7c5a0b6/robot_state_publisher-5*.log[0m
[robot_state_publisher-5] restarting process
[1mprocess[robot_state_publisher-5]: started with pid [11722][0m
[33m[ WARN] [1746555117.444502959]: Shutdown request received.[0m
[33m[ WARN] [1746555117.445865690]: Reason given for shutdown: [[/robot_state_publisher] Reason: new node registered with same name][0m
[33m[ WARN] [1746555117.472221228]: Shutdown request received.[0m
[33m[ WARN] [1746555117.472325463]: Reason given for shutdown: [[/robot_state_publisher] Reason: new node registered with same name][0m
[1m[robot_state_publisher-5] process has finished cleanly
log file: /home/tihami/.ros/log/723324b0-2a96-11f0-aeaa-d949b7c5a0b6/robot_state_publisher-5*.log[0m
[robot_state_publisher-5] restarting process
[1mprocess[robot_state_publisher-5]: started with pid [11743][0m
[33m[ WARN] [1746555117.857144557]: Shutdown request received.[0m
[33m[ WARN] [1746555117.858528732]: Reason given for shutdown: [[/robot_state_publisher] Reason: new node registered with same name][0m
[1m[robot_state_publisher-5] process has finished cleanly
log file: /home/tihami/.ros/log/723324b0-2a96-11f0-aeaa-d949b7c5a0b6/robot_state_publisher-5*.log[0m
[robot_state_publisher-5] restarting process
[1mprocess[robot_state_publisher-5]: started with pid [11757][0m
[33m[ WARN] [1746555118.252403209]: Shutdown request received.[0m
[33m[ WARN] [1746555118.253714115]: Reason given for shutdown: [[/robot_state_publisher] Reason: new node registered with same name][0m
[1m[robot_state_publisher-5] process has finished cleanly
log file: /home/tihami/.ros/log/723324b0-2a96-11f0-aeaa-d949b7c5a0b6/robot_state_publisher-5*.log[0m
[robot_state_publisher-5] restarting process
[1mprocess[robot_state_publisher-5]: started with pid [11771][0m
[33m[ WARN] [1746555118.632733562]: Shutdown request received.[0m
[33m[ WARN] [1746555118.634361750]: Reason given for shutdown: [[/robot_state_publisher] Reason: new node registered with same name][0m
[1m[robot_state_publisher-5] process has finished cleanly
log file: /home/tihami/.ros/log/723324b0-2a96-11f0-aeaa-d949b7c5a0b6/robot_state_publisher-5*.log[0m
[robot_state_publisher-5] restarting process
[1mprocess[robot_state_publisher-5]: started with pid [11786][0m
[33m[ WARN] [1746555119.141627365]: Shutdown request received.[0m
[33m[ WARN] [1746555119.143083455]: Reason given for shutdown: [[/robot_state_publisher] Reason: new node registered with same name][0m
[1m[robot_state_publisher-5] process has finished cleanly
log file: /home/tihami/.ros/log/723324b0-2a96-11f0-aeaa-d949b7c5a0b6/robot_state_publisher-5*.log[0m
[robot_state_publisher-5] restarting process
[1mprocess[robot_state_publisher-5]: started with pid [11800][0m
[33m[ WARN] [1746555119.648354551]: Shutdown request received.[0m
[33m[ WARN] [1746555119.649865877]: Reason given for shutdown: [[/robot_state_publisher] Reason: new node registered with same name][0m
[1m[robot_state_publisher-5] process has finished cleanly
log file: /home/tihami/.ros/log/723324b0-2a96-11f0-aeaa-d949b7c5a0b6/robot_state_publisher-5*.log[0m
[robot_state_publisher-5] restarting process
[1mprocess[robot_state_publisher-5]: started with pid [11814][0m
[33m[ WARN] [1746555120.151799284]: Shutdown request received.[0m
[33m[ WARN] [1746555120.152904897]: Reason given for shutdown: [[/robot_state_publisher] Reason: new node registered with same name][0m
[1m[robot_state_publisher-5] process has finished cleanly
log file: /home/tihami/.ros/log/723324b0-2a96-11f0-aeaa-d949b7c5a0b6/robot_state_publisher-5*.log[0m
[robot_state_publisher-5] restarting process
[1mprocess[robot_state_publisher-5]: started with pid [11829][0m
[33m[ WARN] [1746555120.765878444]: Shutdown request received.[0m
[33m[ WARN] [1746555120.767030309]: Reason given for shutdown: [[/robot_state_publisher] Reason: new node registered with same name][0m
[1m[robot_state_publisher-5] process has finished cleanly
log file: /home/tihami/.ros/log/723324b0-2a96-11f0-aeaa-d949b7c5a0b6/robot_state_publisher-5*.log[0m
[robot_state_publisher-5] restarting process
[1mprocess[robot_state_publisher-5]: started with pid [11843][0m
[33m[ WARN] [1746555121.243813111]: Shutdown request received.[0m
[33m[ WARN] [1746555121.246193490]: Reason given for shutdown: [[/robot_state_publisher] Reason: new node registered with same name][0m
[1m[robot_state_publisher-5] process has finished cleanly
log file: /home/tihami/.ros/log/723324b0-2a96-11f0-aeaa-d949b7c5a0b6/robot_state_publisher-5*.log[0m
[robot_state_publisher-5] restarting process
[1mprocess[robot_state_publisher-5]: started with pid [11857][0m
[33m[ WARN] [1746555121.793943213]: Shutdown request received.[0m
[33m[ WARN] [1746555121.795370014]: Reason given for shutdown: [[/robot_state_publisher] Reason: new node registered with same name][0m
[1m[robot_state_publisher-5] process has finished cleanly
log file: /home/tihami/.ros/log/723324b0-2a96-11f0-aeaa-d949b7c5a0b6/robot_state_publisher-5*.log[0m
[robot_state_publisher-5] restarting process
[1mprocess[robot_state_publisher-5]: started with pid [11871][0m
[33m[ WARN] [1746555122.132928756]: Shutdown request received.[0m
[33m[ WARN] [1746555122.134085557]: Reason given for shutdown: [[/robot_state_publisher] Reason: new node registered with same name][0m
[1m[robot_state_publisher-5] process has finished cleanly
log file: /home/tihami/.ros/log/723324b0-2a96-11f0-aeaa-d949b7c5a0b6/robot_state_publisher-5*.log[0m
[robot_state_publisher-5] restarting process
[1mprocess[robot_state_publisher-5]: started with pid [11885][0m
[33m[ WARN] [1746555122.511610846]: Shutdown request received.[0m
[33m[ WARN] [1746555122.513423419]: Reason given for shutdown: [[/robot_state_publisher] Reason: new node registered with same name][0m
[1m[robot_state_publisher-5] process has finished cleanly
log file: /home/tihami/.ros/log/723324b0-2a96-11f0-aeaa-d949b7c5a0b6/robot_state_publisher-5*.log[0m
[robot_state_publisher-5] restarting process
[1mprocess[robot_state_publisher-5]: started with pid [11899][0m
[33m[ WARN] [1746555122.970461106]: Shutdown request received.[0m
[33m[ WARN] [1746555122.972037600]: Reason given for shutdown: [[/robot_state_publisher] Reason: new node registered with same name][0m
[1m[robot_state_publisher-5] process has finished cleanly
log file: /home/tihami/.ros/log/723324b0-2a96-11f0-aeaa-d949b7c5a0b6/robot_state_publisher-5*.log[0m
[robot_state_publisher-5] restarting process
[1mprocess[robot_state_publisher-5]: started with pid [11913][0m
[33m[ WARN] [1746555123.433254600]: Shutdown request received.[0m
[33m[ WARN] [1746555123.434741384]: Reason given for shutdown: [[/robot_state_publisher] Reason: new node registered with same name][0m
[1m[robot_state_publisher-5] process has finished cleanly
log file: /home/tihami/.ros/log/723324b0-2a96-11f0-aeaa-d949b7c5a0b6/robot_state_publisher-5*.log[0m
[robot_state_publisher-5] restarting process
[1mprocess[robot_state_publisher-5]: started with pid [11927][0m
[33m[ WARN] [1746555123.675420896]: Shutdown request received.[0m
[33m[ WARN] [1746555123.676713837]: Reason given for shutdown: [[/robot_state_publisher] Reason: new node registered with same name][0m
[1m[robot_state_publisher-5] process has finished cleanly
log file: /home/tihami/.ros/log/723324b0-2a96-11f0-aeaa-d949b7c5a0b6/robot_state_publisher-5*.log[0m
[robot_state_publisher-5] restarting process
[1mprocess[robot_state_publisher-5]: started with pid [11941][0m
[33m[ WARN] [1746555124.054644395]: Shutdown request received.[0m
[33m[ WARN] [1746555124.055979322]: Reason given for shutdown: [[/robot_state_publisher] Reason: new node registered with same name][0m
[1m[robot_state_publisher-5] process has finished cleanly
log file: /home/tihami/.ros/log/723324b0-2a96-11f0-aeaa-d949b7c5a0b6/robot_state_publisher-5*.log[0m
[robot_state_publisher-5] restarting process
[1mprocess[robot_state_publisher-5]: started with pid [11948][0m
[33m[ WARN] [1746555124.346074140]: Shutdown request received.[0m
[33m[ WARN] [1746555124.348081545]: Reason given for shutdown: [[/robot_state_publisher] Reason: new node registered with same name][0m
[33m[ WARN] [1746555124.375706889]: Shutdown request received.[0m
[33m[ WARN] [1746555124.375759276]: Reason given for shutdown: [[/robot_state_publisher] Reason: new node registered with same name][0m
[1m[robot_state_publisher-5] process has finished cleanly
log file: /home/tihami/.ros/log/723324b0-2a96-11f0-aeaa-d949b7c5a0b6/robot_state_publisher-5*.log[0m
[robot_state_publisher-5] restarting process
[1mprocess[robot_state_publisher-5]: started with pid [11962][0m
[33m[ WARN] [1746555124.688890616]: Shutdown request received.[0m
[33m[ WARN] [1746555124.690268801]: Reason given for shutdown: [[/robot_state_publisher] Reason: new node registered with same name][0m
[33m[ WARN] [1746555124.714499739]: Shutdown request received.[0m
[33m[ WARN] [1746555124.714589511]: Reason given for shutdown: [[/robot_state_publisher] Reason: new node registered with same name][0m
[1m[robot_state_publisher-5] process has finished cleanly
log file: /home/tihami/.ros/log/723324b0-2a96-11f0-aeaa-d949b7c5a0b6/robot_state_publisher-5*.log[0m
[robot_state_publisher-5] restarting process
[1mprocess[robot_state_publisher-5]: started with pid [11976][0m
[33m[ WARN] [1746555125.123080892]: Shutdown request received.[0m
[33m[ WARN] [1746555125.124623194]: Reason given for shutdown: [[/robot_state_publisher] Reason: new node registered with same name][0m
[33m[ WARN] [1746555125.150131988]: Shutdown request received.[0m
[33m[ WARN] [1746555125.150214005]: Reason given for shutdown: [[/robot_state_publisher] Reason: new node registered with same name][0m
[1m[robot_state_publisher-5] process has finished cleanly
log file: /home/tihami/.ros/log/723324b0-2a96-11f0-aeaa-d949b7c5a0b6/robot_state_publisher-5*.log[0m
[robot_state_publisher-5] restarting process
[1mprocess[robot_state_publisher-5]: started with pid [11990][0m
[33m[ WARN] [1746555125.473564392]: Shutdown request received.[0m
[33m[ WARN] [1746555125.474733413]: Reason given for shutdown: [[/robot_state_publisher] Reason: new node registered with same name][0m
[1m[robot_state_publisher-5] process has finished cleanly
log file: /home/tihami/.ros/log/723324b0-2a96-11f0-aeaa-d949b7c5a0b6/robot_state_publisher-5*.log[0m
[robot_state_publisher-5] restarting process
[1mprocess[robot_state_publisher-5]: started with pid [12004][0m
[33m[ WARN] [1746555125.819804531]: Shutdown request received.[0m
[33m[ WARN] [1746555125.820979962]: Reason given for shutdown: [[/robot_state_publisher] Reason: new node registered with same name][0m
[33m[ WARN] [1746555125.842030965]: Shutdown request received.[0m
[33m[ WARN] [1746555125.842078608]: Reason given for shutdown: [[/robot_state_publisher] Reason: new node registered with same name][0m
[1m[robot_state_publisher-5] process has finished cleanly
log file: /home/tihami/.ros/log/723324b0-2a96-11f0-aeaa-d949b7c5a0b6/robot_state_publisher-5*.log[0m
[robot_state_publisher-5] restarting process
[1mprocess[robot_state_publisher-5]: started with pid [12018][0m
[33m[ WARN] [1746555126.193144151]: Shutdown request received.[0m
[33m[ WARN] [1746555126.194534604]: Reason given for shutdown: [[/robot_state_publisher] Reason: new node registered with same name][0m
[1m[robot_state_publisher-5] process has finished cleanly
log file: /home/tihami/.ros/log/723324b0-2a96-11f0-aeaa-d949b7c5a0b6/robot_state_publisher-5*.log[0m
[robot_state_publisher-5] restarting process
[1mprocess[robot_state_publisher-5]: started with pid [12032][0m
[33m[ WARN] [1746555126.532901717]: Shutdown request received.[0m
[33m[ WARN] [1746555126.534560326]: Reason given for shutdown: [[/robot_state_publisher] Reason: new node registered with same name][0m
[33m[ WARN] [1746555126.556950851]: Shutdown request received.[0m
[33m[ WARN] [1746555126.557003514]: Reason given for shutdown: [[/robot_state_publisher] Reason: new node registered with same name][0m
[1m[robot_state_publisher-5] process has finished cleanly
log file: /home/tihami/.ros/log/723324b0-2a96-11f0-aeaa-d949b7c5a0b6/robot_state_publisher-5*.log[0m
[robot_state_publisher-5] restarting process
[1mprocess[robot_state_publisher-5]: started with pid [12046][0m
[33m[ WARN] [1746555126.898400437]: Shutdown request received.[0m
[33m[ WARN] [1746555126.899427808]: Reason given for shutdown: [[/robot_state_publisher] Reason: new node registered with same name][0m
[1m[robot_state_publisher-5] process has finished cleanly
log file: /home/tihami/.ros/log/723324b0-2a96-11f0-aeaa-d949b7c5a0b6/robot_state_publisher-5*.log[0m
[robot_state_publisher-5] restarting process
[1mprocess[robot_state_publisher-5]: started with pid [12060][0m
[33m[ WARN] [1746555127.248763886]: Shutdown request received.[0m
[33m[ WARN] [1746555127.250063164]: Reason given for shutdown: [[/robot_state_publisher] Reason: new node registered with same name][0m
[33m[ WARN] [1746555127.271484945]: Shutdown request received.[0m
[33m[ WARN] [1746555127.271541365]: Reason given for shutdown: [[/robot_state_publisher] Reason: new node registered with same name][0m
[1m[robot_state_publisher-5] process has finished cleanly
log file: /home/tihami/.ros/log/723324b0-2a96-11f0-aeaa-d949b7c5a0b6/robot_state_publisher-5*.log[0m
[robot_state_publisher-5] restarting process
[1mprocess[robot_state_publisher-5]: started with pid [12074][0m
[33m[ WARN] [1746555127.639491033]: Shutdown request received.[0m
[33m[ WARN] [1746555127.640874672]: Reason given for shutdown: [[/robot_state_publisher] Reason: new node registered with same name][0m
[1m[robot_state_publisher-5] process has finished cleanly
log file: /home/tihami/.ros/log/723324b0-2a96-11f0-aeaa-d949b7c5a0b6/robot_state_publisher-5*.log[0m
[robot_state_publisher-5] restarting process
[1mprocess[robot_state_publisher-5]: started with pid [12088][0m
[33m[ WARN] [1746555128.069227991]: Shutdown request received.[0m
[33m[ WARN] [1746555128.070961732]: Reason given for shutdown: [[/robot_state_publisher] Reason: new node registered with same name][0m
[33m[ WARN] [1746555128.092290991]: Shutdown request received.[0m
[33m[ WARN] [1746555128.092385653]: Reason given for shutdown: [[/robot_state_publisher] Reason: new node registered with same name][0m
[1m[robot_state_publisher-5] process has finished cleanly
log file: /home/tihami/.ros/log/723324b0-2a96-11f0-aeaa-d949b7c5a0b6/robot_state_publisher-5*.log[0m
[robot_state_publisher-5] restarting process
[1mprocess[robot_state_publisher-5]: started with pid [12109][0m
[33m[ WARN] [1746555128.546367757]: Shutdown request received.[0m
[33m[ WARN] [1746555128.548879418]: Reason given for shutdown: [[/robot_state_publisher] Reason: new node registered with same name][0m
[1m[robot_state_publisher-5] process has finished cleanly
log file: /home/tihami/.ros/log/723324b0-2a96-11f0-aeaa-d949b7c5a0b6/robot_state_publisher-5*.log[0m
[robot_state_publisher-5] restarting process
[1mprocess[robot_state_publisher-5]: started with pid [12117][0m
[33m[ WARN] [1746555128.828126390]: Shutdown request received.[0m
[33m[ WARN] [1746555128.829143948]: Reason given for shutdown: [[/robot_state_publisher] Reason: new node registered with same name][0m
[1m[robot_state_publisher-5] process has finished cleanly
log file: /home/tihami/.ros/log/723324b0-2a96-11f0-aeaa-d949b7c5a0b6/robot_state_publisher-5*.log[0m
[robot_state_publisher-5] restarting process
[1mprocess[robot_state_publisher-5]: started with pid [12131][0m
[33m[ WARN] [1746555129.174110273]: Shutdown request received.[0m
[33m[ WARN] [1746555129.175392605]: Reason given for shutdown: [[/robot_state_publisher] Reason: new node registered with same name][0m
[33m[ WARN] [1746555129.196532198]: Shutdown request received.[0m
[33m[ WARN] [1746555129.196618343]: Reason given for shutdown: [[/robot_state_publisher] Reason: new node registered with same name][0m
[1m[robot_state_publisher-5] process has finished cleanly
log file: /home/tihami/.ros/log/723324b0-2a96-11f0-aeaa-d949b7c5a0b6/robot_state_publisher-5*.log[0m
[robot_state_publisher-5] restarting process
[1mprocess[robot_state_publisher-5]: started with pid [12152][0m
[33m[ WARN] [1746555129.548732055]: Shutdown request received.[0m
[33m[ WARN] [1746555129.550084871]: Reason given for shutdown: [[/robot_state_publisher] Reason: new node registered with same name][0m
[1m[robot_state_publisher-5] process has finished cleanly
log file: /home/tihami/.ros/log/723324b0-2a96-11f0-aeaa-d949b7c5a0b6/robot_state_publisher-5*.log[0m
[robot_state_publisher-5] restarting process
[1mprocess[robot_state_publisher-5]: started with pid [12166][0m
[33m[ WARN] [1746555129.829789130]: Shutdown request received.[0m
[33m[ WARN] [1746555129.831481394]: Reason given for shutdown: [[/robot_state_publisher] Reason: new node registered with same name][0m
[1m[robot_state_publisher-5] process has finished cleanly
log file: /home/tihami/.ros/log/723324b0-2a96-11f0-aeaa-d949b7c5a0b6/robot_state_publisher-5*.log[0m
[robot_state_publisher-5] restarting process
[1mprocess[robot_state_publisher-5]: started with pid [12180][0m
[33m[ WARN] [1746555130.151104985]: Shutdown request received.[0m
[33m[ WARN] [1746555130.152315502]: Reason given for shutdown: [[/robot_state_publisher] Reason: new node registered with same name][0m
[1m[robot_state_publisher-5] process has finished cleanly
log file: /home/tihami/.ros/log/723324b0-2a96-11f0-aeaa-d949b7c5a0b6/robot_state_publisher-5*.log[0m
[robot_state_publisher-5] restarting process
[1mprocess[robot_state_publisher-5]: started with pid [12194][0m
[33m[ WARN] [1746555130.538782538]: Shutdown request received.[0m
[33m[ WARN] [1746555130.540117504]: Reason given for shutdown: [[/robot_state_publisher] Reason: new node registered with same name][0m
[1m[robot_state_publisher-5] process has finished cleanly
log file: /home/tihami/.ros/log/723324b0-2a96-11f0-aeaa-d949b7c5a0b6/robot_state_publisher-5*.log[0m
[robot_state_publisher-5] restarting process
[1mprocess[robot_state_publisher-5]: started with pid [12208][0m
[33m[ WARN] [1746555130.879917071]: Shutdown request received.[0m
[33m[ WARN] [1746555130.881689373]: Reason given for shutdown: [[/robot_state_publisher] Reason: new node registered with same name][0m
[1m[robot_state_publisher-5] process has finished cleanly
log file: /home/tihami/.ros/log/723324b0-2a96-11f0-aeaa-d949b7c5a0b6/robot_state_publisher-5*.log[0m
[robot_state_publisher-5] restarting process
[1mprocess[robot_state_publisher-5]: started with pid [12215][0m
[33m[ WARN] [1746555131.268714906]: Shutdown request received.[0m
[33m[ WARN] [1746555131.270171106]: Reason given for shutdown: [[/robot_state_publisher] Reason: new node registered with same name][0m
[33m[ WARN] [1746555131.293203835]: Shutdown request received.[0m
[33m[ WARN] [1746555131.293319364]: Reason given for shutdown: [[/robot_state_publisher] Reason: new node registered with same name][0m
[33m[ WARN] [1746558820.194236124]: Shutdown request received.[0m
[33m[ WARN] [1746558820.194330369]: Reason given for shutdown: [[/lio_sam_6axis_rviz] Reason: new node registered with same name][0m
shutdown request: [/fake_gps_fix] Reason: new node registered with same name
