Linked: (/home/tihami/LIO_SAM_hesai/devel/.private/lio_sam_6axis/lib/python3/dist-packages/lio_sam_6axis/__init__.py, /home/tihami/LIO_SAM_hesai/devel/lib/python3/dist-packages/lio_sam_6axis/__init__.py)
Linked: (/home/tihami/LIO_SAM_hesai/devel/.private/lio_sam_6axis/lib/python3/dist-packages/lio_sam_6axis/msg/_cloud_info.py, /home/tihami/LIO_SAM_hesai/devel/lib/python3/dist-packages/lio_sam_6axis/msg/_cloud_info.py)
Linked: (/home/tihami/LIO_SAM_hesai/devel/.private/lio_sam_6axis/lib/python3/dist-packages/lio_sam_6axis/msg/__init__.py, /home/tihami/LIO_SAM_hesai/devel/lib/python3/dist-packages/lio_sam_6axis/msg/__init__.py)
Linked: (/home/tihami/LIO_SAM_hesai/devel/.private/lio_sam_6axis/lib/python3/dist-packages/lio_sam_6axis/srv/_save_map.py, /home/tihami/LIO_SAM_hesai/devel/lib/python3/dist-packages/lio_sam_6axis/srv/_save_map.py)
Linked: (/home/tihami/LIO_SAM_hesai/devel/.private/lio_sam_6axis/lib/python3/dist-packages/lio_sam_6axis/srv/__init__.py, /home/tihami/LIO_SAM_hesai/devel/lib/python3/dist-packages/lio_sam_6axis/srv/__init__.py)
Linked: (/home/tihami/LIO_SAM_hesai/devel/.private/lio_sam_6axis/lib/lio_sam_6axis/lio_sam_6axis_imuPreintegration, /home/tihami/LIO_SAM_hesai/devel/lib/lio_sam_6axis/lio_sam_6axis_imuPreintegration)
Linked: (/home/tihami/LIO_SAM_hesai/devel/.private/lio_sam_6axis/lib/lio_sam_6axis/lio_sam_6axis_mapOptmization, /home/tihami/LIO_SAM_hesai/devel/lib/lio_sam_6axis/lio_sam_6axis_mapOptmization)
Linked: (/home/tihami/LIO_SAM_hesai/devel/.private/lio_sam_6axis/lib/lio_sam_6axis/lio_sam_6axis_featureExtraction, /home/tihami/LIO_SAM_hesai/devel/lib/lio_sam_6axis/lio_sam_6axis_featureExtraction)
Linked: (/home/tihami/LIO_SAM_hesai/devel/.private/lio_sam_6axis/lib/lio_sam_6axis/lio_sam_6axis_imageProjection, /home/tihami/LIO_SAM_hesai/devel/lib/lio_sam_6axis/lio_sam_6axis_imageProjection)
Linked: (/home/tihami/LIO_SAM_hesai/devel/.private/lio_sam_6axis/lib/lio_sam_6axis/lio_sam_6axis_gpsOdometry, /home/tihami/LIO_SAM_hesai/devel/lib/lio_sam_6axis/lio_sam_6axis_gpsOdometry)
Linked: (/home/tihami/LIO_SAM_hesai/devel/.private/lio_sam_6axis/lib/pkgconfig/lio_sam_6axis.pc, /home/tihami/LIO_SAM_hesai/devel/lib/pkgconfig/lio_sam_6axis.pc)
Linked: (/home/tihami/LIO_SAM_hesai/devel/.private/lio_sam_6axis/include/lio_sam_6axis/save_mapResponse.h, /home/tihami/LIO_SAM_hesai/devel/include/lio_sam_6axis/save_mapResponse.h)
Linked: (/home/tihami/LIO_SAM_hesai/devel/.private/lio_sam_6axis/include/lio_sam_6axis/save_map.h, /home/tihami/LIO_SAM_hesai/devel/include/lio_sam_6axis/save_map.h)
Linked: (/home/tihami/LIO_SAM_hesai/devel/.private/lio_sam_6axis/include/lio_sam_6axis/cloud_info.h, /home/tihami/LIO_SAM_hesai/devel/include/lio_sam_6axis/cloud_info.h)
Linked: (/home/tihami/LIO_SAM_hesai/devel/.private/lio_sam_6axis/include/lio_sam_6axis/save_mapRequest.h, /home/tihami/LIO_SAM_hesai/devel/include/lio_sam_6axis/save_mapRequest.h)
Linked: (/home/tihami/LIO_SAM_hesai/devel/.private/lio_sam_6axis/share/roseus/ros/lio_sam_6axis/manifest.l, /home/tihami/LIO_SAM_hesai/devel/share/roseus/ros/lio_sam_6axis/manifest.l)
Linked: (/home/tihami/LIO_SAM_hesai/devel/.private/lio_sam_6axis/share/roseus/ros/lio_sam_6axis/msg/cloud_info.l, /home/tihami/LIO_SAM_hesai/devel/share/roseus/ros/lio_sam_6axis/msg/cloud_info.l)
Linked: (/home/tihami/LIO_SAM_hesai/devel/.private/lio_sam_6axis/share/roseus/ros/lio_sam_6axis/srv/save_map.l, /home/tihami/LIO_SAM_hesai/devel/share/roseus/ros/lio_sam_6axis/srv/save_map.l)
Linked: (/home/tihami/LIO_SAM_hesai/devel/.private/lio_sam_6axis/share/gennodejs/ros/lio_sam_6axis/_index.js, /home/tihami/LIO_SAM_hesai/devel/share/gennodejs/ros/lio_sam_6axis/_index.js)
Linked: (/home/tihami/LIO_SAM_hesai/devel/.private/lio_sam_6axis/share/gennodejs/ros/lio_sam_6axis/msg/_index.js, /home/tihami/LIO_SAM_hesai/devel/share/gennodejs/ros/lio_sam_6axis/msg/_index.js)
Linked: (/home/tihami/LIO_SAM_hesai/devel/.private/lio_sam_6axis/share/gennodejs/ros/lio_sam_6axis/msg/cloud_info.js, /home/tihami/LIO_SAM_hesai/devel/share/gennodejs/ros/lio_sam_6axis/msg/cloud_info.js)
Linked: (/home/tihami/LIO_SAM_hesai/devel/.private/lio_sam_6axis/share/gennodejs/ros/lio_sam_6axis/srv/_index.js, /home/tihami/LIO_SAM_hesai/devel/share/gennodejs/ros/lio_sam_6axis/srv/_index.js)
Linked: (/home/tihami/LIO_SAM_hesai/devel/.private/lio_sam_6axis/share/gennodejs/ros/lio_sam_6axis/srv/save_map.js, /home/tihami/LIO_SAM_hesai/devel/share/gennodejs/ros/lio_sam_6axis/srv/save_map.js)
Linked: (/home/tihami/LIO_SAM_hesai/devel/.private/lio_sam_6axis/share/lio_sam_6axis/cmake/lio_sam_6axis-msg-extras.cmake, /home/tihami/LIO_SAM_hesai/devel/share/lio_sam_6axis/cmake/lio_sam_6axis-msg-extras.cmake)
Linked: (/home/tihami/LIO_SAM_hesai/devel/.private/lio_sam_6axis/share/lio_sam_6axis/cmake/lio_sam_6axis-msg-paths.cmake, /home/tihami/LIO_SAM_hesai/devel/share/lio_sam_6axis/cmake/lio_sam_6axis-msg-paths.cmake)
Linked: (/home/tihami/LIO_SAM_hesai/devel/.private/lio_sam_6axis/share/lio_sam_6axis/cmake/lio_sam_6axisConfig.cmake, /home/tihami/LIO_SAM_hesai/devel/share/lio_sam_6axis/cmake/lio_sam_6axisConfig.cmake)
Linked: (/home/tihami/LIO_SAM_hesai/devel/.private/lio_sam_6axis/share/lio_sam_6axis/cmake/lio_sam_6axisConfig-version.cmake, /home/tihami/LIO_SAM_hesai/devel/share/lio_sam_6axis/cmake/lio_sam_6axisConfig-version.cmake)
Linked: (/home/tihami/LIO_SAM_hesai/devel/.private/lio_sam_6axis/share/common-lisp/ros/lio_sam_6axis/msg/cloud_info.lisp, /home/tihami/LIO_SAM_hesai/devel/share/common-lisp/ros/lio_sam_6axis/msg/cloud_info.lisp)
Linked: (/home/tihami/LIO_SAM_hesai/devel/.private/lio_sam_6axis/share/common-lisp/ros/lio_sam_6axis/msg/_package.lisp, /home/tihami/LIO_SAM_hesai/devel/share/common-lisp/ros/lio_sam_6axis/msg/_package.lisp)
Linked: (/home/tihami/LIO_SAM_hesai/devel/.private/lio_sam_6axis/share/common-lisp/ros/lio_sam_6axis/msg/_package_cloud_info.lisp, /home/tihami/LIO_SAM_hesai/devel/share/common-lisp/ros/lio_sam_6axis/msg/_package_cloud_info.lisp)
Linked: (/home/tihami/LIO_SAM_hesai/devel/.private/lio_sam_6axis/share/common-lisp/ros/lio_sam_6axis/msg/lio_sam_6axis-msg.asd, /home/tihami/LIO_SAM_hesai/devel/share/common-lisp/ros/lio_sam_6axis/msg/lio_sam_6axis-msg.asd)
Linked: (/home/tihami/LIO_SAM_hesai/devel/.private/lio_sam_6axis/share/common-lisp/ros/lio_sam_6axis/srv/_package_save_map.lisp, /home/tihami/LIO_SAM_hesai/devel/share/common-lisp/ros/lio_sam_6axis/srv/_package_save_map.lisp)
Linked: (/home/tihami/LIO_SAM_hesai/devel/.private/lio_sam_6axis/share/common-lisp/ros/lio_sam_6axis/srv/_package.lisp, /home/tihami/LIO_SAM_hesai/devel/share/common-lisp/ros/lio_sam_6axis/srv/_package.lisp)
Linked: (/home/tihami/LIO_SAM_hesai/devel/.private/lio_sam_6axis/share/common-lisp/ros/lio_sam_6axis/srv/save_map.lisp, /home/tihami/LIO_SAM_hesai/devel/share/common-lisp/ros/lio_sam_6axis/srv/save_map.lisp)
Linked: (/home/tihami/LIO_SAM_hesai/devel/.private/lio_sam_6axis/share/common-lisp/ros/lio_sam_6axis/srv/lio_sam_6axis-srv.asd, /home/tihami/LIO_SAM_hesai/devel/share/common-lisp/ros/lio_sam_6axis/srv/lio_sam_6axis-srv.asd)
